Component: ARM Compiler 5.06 update 6 (build 750) Tool: armlink [4d35ed]

==============================================================================

Section Cross References

    startup_stm32f10x_hd.o(RESET) refers to startup_stm32f10x_hd.o(STACK) for __initial_sp
    startup_stm32f10x_hd.o(RESET) refers to startup_stm32f10x_hd.o(.text) for Reset_Handler
    startup_stm32f10x_hd.o(RESET) refers to stm32f10x_it.o(.text) for NMI_Handler
    startup_stm32f10x_hd.o(RESET) refers to timer.o(.text) for TIM1_UP_IRQHandler
    startup_stm32f10x_hd.o(.text) refers to system_stm32f10x.o(.text) for SystemInit
    startup_stm32f10x_hd.o(.text) refers to entry.o(.ARM.Collect$$$$00000000) for __main
    system_stm32f10x.o(.text) refers to system_stm32f10x.o(.data) for SystemCoreClock
    stm32f10x_gpio.o(.text) refers to stm32f10x_rcc.o(.text) for RCC_APB2PeriphResetCmd
    stm32f10x_rcc.o(.text) refers to stm32f10x_rcc.o(.data) for APBAHBPrescTable
    stm32f10x_adc.o(.text) refers to stm32f10x_rcc.o(.text) for RCC_APB2PeriphResetCmd
    stm32f10x_bkp.o(.text) refers to stm32f10x_rcc.o(.text) for RCC_BackupResetCmd
    stm32f10x_can.o(.text) refers to stm32f10x_rcc.o(.text) for RCC_APB1PeriphResetCmd
    stm32f10x_cec.o(.text) refers to stm32f10x_rcc.o(.text) for RCC_APB1PeriphResetCmd
    stm32f10x_dac.o(.text) refers to stm32f10x_rcc.o(.text) for RCC_APB1PeriphResetCmd
    stm32f10x_i2c.o(.text) refers to stm32f10x_rcc.o(.text) for RCC_APB1PeriphResetCmd
    stm32f10x_pwr.o(.text) refers to stm32f10x_rcc.o(.text) for RCC_APB1PeriphResetCmd
    stm32f10x_spi.o(.text) refers to stm32f10x_rcc.o(.text) for RCC_APB2PeriphResetCmd
    stm32f10x_tim.o(.text) refers to stm32f10x_rcc.o(.text) for RCC_APB2PeriphResetCmd
    stm32f10x_usart.o(.text) refers to stm32f10x_rcc.o(.text) for RCC_APB2PeriphResetCmd
    stm32f10x_wwdg.o(.text) refers to stm32f10x_rcc.o(.text) for RCC_APB1PeriphResetCmd
    main.o(.text) refers to misc.o(.text) for NVIC_PriorityGroupConfig
    main.o(.text) refers to bsp_exit.o(.text) for EXTI_Key_Config
    main.o(.text) refers to bsp_led.o(.text) for LED_Iint
    main.o(.text) refers to bsp_key.o(.text) for Key_Iint
    main.o(.text) refers to bsp_beep.o(.text) for Beep_Init
    main.o(.text) refers to bsp_ili9341_lcd.o(.text) for ILI9341_Init
    main.o(.text) refers to stm32f103xxxx_usart_1.o(.text) for USART_Configure
    stm32f10x_it.o(.text) refers to stm32f10x_exti.o(.text) for EXTI_GetITStatus
    stm32f10x_it.o(.text) refers to bsp_test.o(.text) for BSP_KEY1_EXIT_LCDTEST
    stm32f10x_it.o(.text) refers to stm32f103xxxx_usart_1.o(.text) for USART_SendString
    bsp_led.o(.text) refers to stm32f10x_rcc.o(.text) for RCC_APB2PeriphClockCmd
    bsp_led.o(.text) refers to stm32f10x_gpio.o(.text) for GPIO_Init
    bsp_key.o(.text) refers to stm32f10x_rcc.o(.text) for RCC_APB2PeriphClockCmd
    bsp_key.o(.text) refers to stm32f10x_gpio.o(.text) for GPIO_Init
    bsp_beep.o(.text) refers to stm32f10x_rcc.o(.text) for RCC_APB2PeriphClockCmd
    bsp_beep.o(.text) refers to stm32f10x_gpio.o(.text) for GPIO_Init
    bsp_exit.o(.text) refers to misc.o(.text) for NVIC_PriorityGroupConfig
    bsp_exit.o(.text) refers to stm32f10x_rcc.o(.text) for RCC_APB2PeriphClockCmd
    bsp_exit.o(.text) refers to stm32f10x_gpio.o(.text) for GPIO_Init
    bsp_exit.o(.text) refers to stm32f10x_exti.o(.text) for EXTI_Init
    timer.o(.text) refers to stm32f10x_rcc.o(.text) for RCC_APB2PeriphClockCmd
    timer.o(.text) refers to stm32f10x_tim.o(.text) for TIM_TimeBaseInit
    timer.o(.text) refers to misc.o(.text) for NVIC_Init
    timer.o(.text) refers to stm32f10x_gpio.o(.text) for GPIO_ResetBits
    timer.o(.text) refers to timer.o(.data) for Action_Num
    fonts.o(.data) refers to fonts.o(.constdata) for ASCII8x16_Table
    bsp_ili9341_lcd.o(.text) refers to stm32f10x_rcc.o(.text) for RCC_APB2PeriphClockCmd
    bsp_ili9341_lcd.o(.text) refers to stm32f10x_gpio.o(.text) for GPIO_Init
    bsp_ili9341_lcd.o(.text) refers to stm32f10x_fsmc.o(.text) for FSMC_NORSRAMInit
    bsp_ili9341_lcd.o(.text) refers to bsp_ili9341_lcd.o(i.ILI9341_Write_Cmd) for ILI9341_Write_Cmd
    bsp_ili9341_lcd.o(.text) refers to bsp_ili9341_lcd.o(i.ILI9341_Write_Data) for ILI9341_Write_Data
    bsp_ili9341_lcd.o(.text) refers to bsp_ili9341_lcd.o(i.ILI9341_Read_Data) for ILI9341_Read_Data
    bsp_ili9341_lcd.o(.text) refers to bsp_ili9341_lcd.o(.data) for LCD_SCAN_MODE
    bsp_ili9341_lcd.o(.data) refers to fonts.o(.data) for Font8x16
    bsp_systick.o(.text) refers to system_stm32f10x.o(.data) for SystemCoreClock
    bsp_systick.o(.text) refers to bsp_systick.o(.data) for TimingDelay
    bsp_usart.o(.text) refers to stm32f10x_rcc.o(.text) for RCC_APB2PeriphClockCmd
    bsp_usart.o(.text) refers to stm32f10x_gpio.o(.text) for GPIO_Init
    bsp_usart.o(.text) refers to stm32f10x_usart.o(.text) for USART_Init
    bsp_test.o(.text) refers to bsp_systick.o(.text) for Delay_us
    bsp_test.o(.text) refers to stm32f10x_gpio.o(.text) for GPIO_ResetBits
    bsp_test.o(.text) refers to bsp_ili9341_lcd.o(.text) for LCD_SetFont
    bsp_test.o(.text) refers to stm32f103xxxx_usart_1.o(.text) for USART_SendString
    bsp_test.o(.text) refers to fonts.o(.data) for Font8x16
    bsp_test.o(.text) refers to bsp_ili9341_lcd.o(.data) for LCD_Y_LENGTH
    stm32f103xxxx_usart_1.o(.text) refers to cfcmple.o(.text) for __aeabi_cfcmple
    stm32f103xxxx_usart_1.o(.text) refers to fadd.o(.text) for __aeabi_fsub
    stm32f103xxxx_usart_1.o(.text) refers to ffixui.o(.text) for __aeabi_f2uiz
    stm32f103xxxx_usart_1.o(.text) refers to ffltui.o(.text) for __aeabi_ui2f
    stm32f103xxxx_usart_1.o(.text) refers to f2d.o(.text) for __aeabi_f2d
    stm32f103xxxx_usart_1.o(.text) refers to dadd.o(.text) for __aeabi_dadd
    stm32f103xxxx_usart_1.o(.text) refers to dmul.o(.text) for __aeabi_dmul
    stm32f103xxxx_usart_1.o(.text) refers to dfixui.o(.text) for __aeabi_d2uiz
    stm32f103xxxx_usart_1.o(.text) refers to stm32f10x_rcc.o(.text) for RCC_APB2PeriphClockCmd
    stm32f103xxxx_usart_1.o(.text) refers to stm32f10x_gpio.o(.text) for GPIO_Init
    stm32f103xxxx_usart_1.o(.text) refers to stm32f10x_usart.o(.text) for USART_DeInit
    entry.o(.ARM.Collect$$$$00000000) refers (Special) to entry10a.o(.ARM.Collect$$$$0000000D) for __rt_final_cpp
    entry.o(.ARM.Collect$$$$00000000) refers (Special) to entry11a.o(.ARM.Collect$$$$0000000F) for __rt_final_exit
    entry.o(.ARM.Collect$$$$00000000) refers (Special) to entry7b.o(.ARM.Collect$$$$00000008) for _main_clock
    entry.o(.ARM.Collect$$$$00000000) refers (Special) to entry8b.o(.ARM.Collect$$$$0000000A) for _main_cpp_init
    entry.o(.ARM.Collect$$$$00000000) refers (Special) to entry9a.o(.ARM.Collect$$$$0000000B) for _main_init
    entry.o(.ARM.Collect$$$$00000000) refers (Special) to entry5.o(.ARM.Collect$$$$00000004) for _main_scatterload
    entry.o(.ARM.Collect$$$$00000000) refers (Special) to entry2.o(.ARM.Collect$$$$00000001) for _main_stk
    fadd.o(.text) refers (Special) to iusefp.o(.text) for __I$use$fp
    fadd.o(.text) refers to fepilogue.o(.text) for _float_epilogue
    dadd.o(.text) refers (Special) to iusefp.o(.text) for __I$use$fp
    dadd.o(.text) refers to llshl.o(.text) for __aeabi_llsl
    dadd.o(.text) refers to llsshr.o(.text) for __aeabi_lasr
    dadd.o(.text) refers to depilogue.o(.text) for _double_epilogue
    dmul.o(.text) refers (Special) to iusefp.o(.text) for __I$use$fp
    dmul.o(.text) refers to depilogue.o(.text) for _double_epilogue
    ffltui.o(.text) refers (Special) to iusefp.o(.text) for __I$use$fp
    ffltui.o(.text) refers to fepilogue.o(.text) for _float_epilogue
    ffixui.o(.text) refers (Special) to iusefp.o(.text) for __I$use$fp
    dfixui.o(.text) refers (Special) to iusefp.o(.text) for __I$use$fp
    dfixui.o(.text) refers to llushr.o(.text) for __aeabi_llsr
    f2d.o(.text) refers (Special) to iusefp.o(.text) for __I$use$fp
    cfcmple.o(.text) refers (Special) to iusefp.o(.text) for __I$use$fp
    entry2.o(.ARM.Collect$$$$00000001) refers to entry2.o(.ARM.Collect$$$$00002712) for __lit__00000000
    entry2.o(.ARM.Collect$$$$00002712) refers to startup_stm32f10x_hd.o(STACK) for __initial_sp
    entry2.o(__vectab_stack_and_reset_area) refers to startup_stm32f10x_hd.o(STACK) for __initial_sp
    entry2.o(__vectab_stack_and_reset_area) refers to entry.o(.ARM.Collect$$$$00000000) for __main
    entry5.o(.ARM.Collect$$$$00000004) refers to init.o(.text) for __scatterload
    entry9a.o(.ARM.Collect$$$$0000000B) refers to main.o(.text) for main
    entry9b.o(.ARM.Collect$$$$0000000C) refers to main.o(.text) for main
    depilogue.o(.text) refers to llshl.o(.text) for __aeabi_llsl
    depilogue.o(.text) refers to llushr.o(.text) for __aeabi_llsr
    init.o(.text) refers to entry5.o(.ARM.Collect$$$$00000004) for __main_after_scatterload


==============================================================================

Removing Unused input sections from the image.

    Removing startup_stm32f10x_hd.o(HEAP), (512 bytes).
    Removing core_cm3.o(.emb_text), (32 bytes).
    Removing stm32f10x_adc.o(.text), (1102 bytes).
    Removing stm32f10x_bkp.o(.text), (196 bytes).
    Removing stm32f10x_can.o(.text), (2544 bytes).
    Removing stm32f10x_cec.o(.text), (288 bytes).
    Removing stm32f10x_crc.o(.text), (72 bytes).
    Removing stm32f10x_dac.o(.text), (396 bytes).
    Removing stm32f10x_dbgmcu.o(.text), (48 bytes).
    Removing stm32f10x_dma.o(.text), (596 bytes).
    Removing stm32f10x_flash.o(.text), (1468 bytes).
    Removing stm32f10x_i2c.o(.text), (1028 bytes).
    Removing stm32f10x_iwdg.o(.text), (64 bytes).
    Removing stm32f10x_pwr.o(.text), (204 bytes).
    Removing stm32f10x_rtc.o(.text), (328 bytes).
    Removing stm32f10x_sdio.o(.text), (468 bytes).
    Removing stm32f10x_spi.o(.text), (780 bytes).
    Removing stm32f10x_wwdg.o(.text), (136 bytes).
    Removing bsp_usart.o(.text), (188 bytes).
    Removing sys.o(.text), (12 bytes).

20 unused section(s) (total 10462 bytes) removed from the image.

==============================================================================

Image Symbol Table

    Local Symbols

    Symbol Name                              Value     Ov Type        Size  Object(Section)

    ../clib/microlib/init/entry.s            0x00000000   Number         0  entry11a.o ABSOLUTE
    ../clib/microlib/init/entry.s            0x00000000   Number         0  entry5.o ABSOLUTE
    ../clib/microlib/init/entry.s            0x00000000   Number         0  entry7a.o ABSOLUTE
    ../clib/microlib/init/entry.s            0x00000000   Number         0  entry9a.o ABSOLUTE
    ../clib/microlib/init/entry.s            0x00000000   Number         0  entry11b.o ABSOLUTE
    ../clib/microlib/init/entry.s            0x00000000   Number         0  entry10b.o ABSOLUTE
    ../clib/microlib/init/entry.s            0x00000000   Number         0  entry7b.o ABSOLUTE
    ../clib/microlib/init/entry.s            0x00000000   Number         0  entry10a.o ABSOLUTE
    ../clib/microlib/init/entry.s            0x00000000   Number         0  entry9b.o ABSOLUTE
    ../clib/microlib/init/entry.s            0x00000000   Number         0  entry.o ABSOLUTE
    ../clib/microlib/init/entry.s            0x00000000   Number         0  entry2.o ABSOLUTE
    ../clib/microlib/init/entry.s            0x00000000   Number         0  entry8b.o ABSOLUTE
    ../clib/microlib/init/entry.s            0x00000000   Number         0  entry8a.o ABSOLUTE
    ../clib/microlib/longlong.c              0x00000000   Number         0  llshl.o ABSOLUTE
    ../clib/microlib/longlong.c              0x00000000   Number         0  llsshr.o ABSOLUTE
    ../clib/microlib/longlong.c              0x00000000   Number         0  llushr.o ABSOLUTE
    ../clib/microlib/stubs.s                 0x00000000   Number         0  iusefp.o ABSOLUTE
    ../fplib/microlib/f2d.c                  0x00000000   Number         0  f2d.o ABSOLUTE
    ../fplib/microlib/fpadd.c                0x00000000   Number         0  fadd.o ABSOLUTE
    ../fplib/microlib/fpadd.c                0x00000000   Number         0  dadd.o ABSOLUTE
    ../fplib/microlib/fpepilogue.c           0x00000000   Number         0  fepilogue.o ABSOLUTE
    ../fplib/microlib/fpepilogue.c           0x00000000   Number         0  depilogue.o ABSOLUTE
    ../fplib/microlib/fpfix.c                0x00000000   Number         0  dfixui.o ABSOLUTE
    ../fplib/microlib/fpfix.c                0x00000000   Number         0  ffixui.o ABSOLUTE
    ../fplib/microlib/fpflt.c                0x00000000   Number         0  ffltui.o ABSOLUTE
    ../fplib/microlib/fpmul.c                0x00000000   Number         0  dmul.o ABSOLUTE
    ..\..\Libraries\CMSIS\core_cm3.c         0x00000000   Number         0  core_cm3.o ABSOLUTE
    ..\..\Libraries\CMSIS\startup\startup_stm32f10x_hd.s 0x00000000   Number         0  startup_stm32f10x_hd.o ABSOLUTE
    ..\..\Libraries\CMSIS\system_stm32f10x.c 0x00000000   Number         0  system_stm32f10x.o ABSOLUTE
    ..\..\Libraries\FWlib\src\misc.c         0x00000000   Number         0  misc.o ABSOLUTE
    ..\..\Libraries\FWlib\src\stm32f10x_adc.c 0x00000000   Number         0  stm32f10x_adc.o ABSOLUTE
    ..\..\Libraries\FWlib\src\stm32f10x_bkp.c 0x00000000   Number         0  stm32f10x_bkp.o ABSOLUTE
    ..\..\Libraries\FWlib\src\stm32f10x_can.c 0x00000000   Number         0  stm32f10x_can.o ABSOLUTE
    ..\..\Libraries\FWlib\src\stm32f10x_cec.c 0x00000000   Number         0  stm32f10x_cec.o ABSOLUTE
    ..\..\Libraries\FWlib\src\stm32f10x_crc.c 0x00000000   Number         0  stm32f10x_crc.o ABSOLUTE
    ..\..\Libraries\FWlib\src\stm32f10x_dac.c 0x00000000   Number         0  stm32f10x_dac.o ABSOLUTE
    ..\..\Libraries\FWlib\src\stm32f10x_dbgmcu.c 0x00000000   Number         0  stm32f10x_dbgmcu.o ABSOLUTE
    ..\..\Libraries\FWlib\src\stm32f10x_dma.c 0x00000000   Number         0  stm32f10x_dma.o ABSOLUTE
    ..\..\Libraries\FWlib\src\stm32f10x_exti.c 0x00000000   Number         0  stm32f10x_exti.o ABSOLUTE
    ..\..\Libraries\FWlib\src\stm32f10x_flash.c 0x00000000   Number         0  stm32f10x_flash.o ABSOLUTE
    ..\..\Libraries\FWlib\src\stm32f10x_fsmc.c 0x00000000   Number         0  stm32f10x_fsmc.o ABSOLUTE
    ..\..\Libraries\FWlib\src\stm32f10x_gpio.c 0x00000000   Number         0  stm32f10x_gpio.o ABSOLUTE
    ..\..\Libraries\FWlib\src\stm32f10x_i2c.c 0x00000000   Number         0  stm32f10x_i2c.o ABSOLUTE
    ..\..\Libraries\FWlib\src\stm32f10x_iwdg.c 0x00000000   Number         0  stm32f10x_iwdg.o ABSOLUTE
    ..\..\Libraries\FWlib\src\stm32f10x_pwr.c 0x00000000   Number         0  stm32f10x_pwr.o ABSOLUTE
    ..\..\Libraries\FWlib\src\stm32f10x_rcc.c 0x00000000   Number         0  stm32f10x_rcc.o ABSOLUTE
    ..\..\Libraries\FWlib\src\stm32f10x_rtc.c 0x00000000   Number         0  stm32f10x_rtc.o ABSOLUTE
    ..\..\Libraries\FWlib\src\stm32f10x_sdio.c 0x00000000   Number         0  stm32f10x_sdio.o ABSOLUTE
    ..\..\Libraries\FWlib\src\stm32f10x_spi.c 0x00000000   Number         0  stm32f10x_spi.o ABSOLUTE
    ..\..\Libraries\FWlib\src\stm32f10x_tim.c 0x00000000   Number         0  stm32f10x_tim.o ABSOLUTE
    ..\..\Libraries\FWlib\src\stm32f10x_usart.c 0x00000000   Number         0  stm32f10x_usart.o ABSOLUTE
    ..\..\Libraries\FWlib\src\stm32f10x_wwdg.c 0x00000000   Number         0  stm32f10x_wwdg.o ABSOLUTE
    ..\..\STExtend\STM32F103xxxx_USART.C     0x00000000   Number         0  stm32f103xxxx_usart_1.o ABSOLUTE
    ..\..\User\EXIT\bsp_exit.c               0x00000000   Number         0  bsp_exit.o ABSOLUTE
    ..\..\User\Key\bsp_key.c                 0x00000000   Number         0  bsp_key.o ABSOLUTE
    ..\..\User\Led\bsp_led.c                 0x00000000   Number         0  bsp_led.o ABSOLUTE
    ..\..\User\SysTick\bsp_SysTick.c         0x00000000   Number         0  bsp_systick.o ABSOLUTE
    ..\..\User\Timer\timer.c                 0x00000000   Number         0  timer.o ABSOLUTE
    ..\..\User\beep\bsp_beep.c               0x00000000   Number         0  bsp_beep.o ABSOLUTE
    ..\..\User\font\fonts.c                  0x00000000   Number         0  fonts.o ABSOLUTE
    ..\..\User\lcd\bsp_ili9341_lcd.c         0x00000000   Number         0  bsp_ili9341_lcd.o ABSOLUTE
    ..\..\User\main.c                        0x00000000   Number         0  main.o ABSOLUTE
    ..\..\User\stm32f10x_it.c                0x00000000   Number         0  stm32f10x_it.o ABSOLUTE
    ..\..\User\sys\sys.c                     0x00000000   Number         0  sys.o ABSOLUTE
    ..\..\User\test\bsp_test.c               0x00000000   Number         0  bsp_test.o ABSOLUTE
    ..\..\User\usart\bsp_usart.c             0x00000000   Number         0  bsp_usart.o ABSOLUTE
    ..\\..\\Libraries\\CMSIS\\core_cm3.c     0x00000000   Number         0  core_cm3.o ABSOLUTE
    cfcmple.s                                0x00000000   Number         0  cfcmple.o ABSOLUTE
    dc.s                                     0x00000000   Number         0  dc.o ABSOLUTE
    handlers.s                               0x00000000   Number         0  handlers.o ABSOLUTE
    init.s                                   0x00000000   Number         0  init.o ABSOLUTE
    RESET                                    0x08000000   Section      304  startup_stm32f10x_hd.o(RESET)
    .ARM.Collect$$$$00000000                 0x08000130   Section        0  entry.o(.ARM.Collect$$$$00000000)
    .ARM.Collect$$$$00000001                 0x08000130   Section        4  entry2.o(.ARM.Collect$$$$00000001)
    .ARM.Collect$$$$00000004                 0x08000134   Section        4  entry5.o(.ARM.Collect$$$$00000004)
    .ARM.Collect$$$$00000008                 0x08000138   Section        0  entry7b.o(.ARM.Collect$$$$00000008)
    .ARM.Collect$$$$0000000A                 0x08000138   Section        0  entry8b.o(.ARM.Collect$$$$0000000A)
    .ARM.Collect$$$$0000000B                 0x08000138   Section        8  entry9a.o(.ARM.Collect$$$$0000000B)
    .ARM.Collect$$$$0000000D                 0x08000140   Section        0  entry10a.o(.ARM.Collect$$$$0000000D)
    .ARM.Collect$$$$0000000F                 0x08000140   Section        0  entry11a.o(.ARM.Collect$$$$0000000F)
    .ARM.Collect$$$$00002712                 0x08000140   Section        4  entry2.o(.ARM.Collect$$$$00002712)
    __lit__00000000                          0x08000140   Data           4  entry2.o(.ARM.Collect$$$$00002712)
    .text                                    0x08000144   Section       36  startup_stm32f10x_hd.o(.text)
    .text                                    0x08000168   Section        0  system_stm32f10x.o(.text)
    SetSysClockTo72                          0x08000169   Thumb Code   214  system_stm32f10x.o(.text)
    SetSysClock                              0x0800023f   Thumb Code     8  system_stm32f10x.o(.text)
    .text                                    0x08000348   Section        0  stm32f10x_gpio.o(.text)
    .text                                    0x080006a4   Section        0  stm32f10x_rcc.o(.text)
    .text                                    0x08000a48   Section        0  stm32f10x_exti.o(.text)
    .text                                    0x08000b64   Section        0  misc.o(.text)
    .text                                    0x08000c40   Section        0  stm32f10x_fsmc.o(.text)
    .text                                    0x0800124c   Section        0  stm32f10x_tim.o(.text)
    TI4_Config                               0x080016f3   Thumb Code   130  stm32f10x_tim.o(.text)
    TI3_Config                               0x08001787   Thumb Code   122  stm32f10x_tim.o(.text)
    TI2_Config                               0x0800181b   Thumb Code   130  stm32f10x_tim.o(.text)
    TI1_Config                               0x080018af   Thumb Code   108  stm32f10x_tim.o(.text)
    .text                                    0x08002068   Section        0  stm32f10x_usart.o(.text)
    .text                                    0x08002470   Section        0  main.o(.text)
    .text                                    0x0800249c   Section        0  stm32f10x_it.o(.text)
    .text                                    0x0800255c   Section        0  bsp_led.o(.text)
    .text                                    0x080025c4   Section        0  bsp_key.o(.text)
    .text                                    0x0800262c   Section        0  bsp_beep.o(.text)
    .text                                    0x08002660   Section        0  bsp_exit.o(.text)
    NVIC_Configuration                       0x08002661   Thumb Code    50  bsp_exit.o(.text)
    .text                                    0x08002720   Section        0  timer.o(.text)
    .text                                    0x080028f8   Section        0  bsp_ili9341_lcd.o(.text)
    ILI9341_Delay                            0x080028f9   Thumb Code    18  bsp_ili9341_lcd.o(.text)
    ILI9341_GPIO_Config                      0x0800290b   Thumb Code   400  bsp_ili9341_lcd.o(.text)
    ILI9341_FSMC_Config                      0x08002a9b   Thumb Code    98  bsp_ili9341_lcd.o(.text)
    ILI9341_REG_Config                       0x08002afd   Thumb Code   572  bsp_ili9341_lcd.o(.text)
    ILI9341_SetCursor                        0x08002ea9   Thumb Code    20  bsp_ili9341_lcd.o(.text)
    ILI9341_FillColor                        0x08002ebd   Thumb Code    32  bsp_ili9341_lcd.o(.text)
    ILI9341_Read_PixelData                   0x08002f2f   Thumb Code    54  bsp_ili9341_lcd.o(.text)
    .text                                    0x080033f0   Section        0  bsp_systick.o(.text)
    .text                                    0x080034a4   Section        0  bsp_test.o(.text)
    Delay                                    0x08003599   Thumb Code    18  bsp_test.o(.text)
    .text                                    0x08003874   Section        0  stm32f103xxxx_usart_1.o(.text)
    .text                                    0x08003cd4   Section        0  fadd.o(.text)
    .text                                    0x08003d84   Section        0  dadd.o(.text)
    .text                                    0x08003ed2   Section        0  dmul.o(.text)
    .text                                    0x08003fb6   Section        0  ffltui.o(.text)
    .text                                    0x08003fc0   Section        0  ffixui.o(.text)
    .text                                    0x08003fe8   Section        0  dfixui.o(.text)
    .text                                    0x0800401a   Section        0  f2d.o(.text)
    .text                                    0x08004040   Section       20  cfcmple.o(.text)
    .text                                    0x08004054   Section        0  llshl.o(.text)
    .text                                    0x08004072   Section        0  llushr.o(.text)
    .text                                    0x08004092   Section        0  llsshr.o(.text)
    .text                                    0x080040b6   Section        0  iusefp.o(.text)
    .text                                    0x080040b6   Section        0  fepilogue.o(.text)
    .text                                    0x08004124   Section        0  depilogue.o(.text)
    .text                                    0x080041e0   Section       36  init.o(.text)
    i.ILI9341_Read_Data                      0x08004204   Section        0  bsp_ili9341_lcd.o(i.ILI9341_Read_Data)
    i.ILI9341_Write_Cmd                      0x0800420c   Section        0  bsp_ili9341_lcd.o(i.ILI9341_Write_Cmd)
    i.ILI9341_Write_Data                     0x08004214   Section        0  bsp_ili9341_lcd.o(i.ILI9341_Write_Data)
    i.__scatterload_copy                     0x0800421c   Section       14  handlers.o(i.__scatterload_copy)
    i.__scatterload_null                     0x0800422a   Section        2  handlers.o(i.__scatterload_null)
    i.__scatterload_zeroinit                 0x0800422c   Section       14  handlers.o(i.__scatterload_zeroinit)
    .constdata                               0x0800423a   Section    15200  fonts.o(.constdata)
    .data                                    0x20000000   Section       20  system_stm32f10x.o(.data)
    .data                                    0x20000014   Section       20  stm32f10x_rcc.o(.data)
    APBAHBPrescTable                         0x20000014   Data          16  stm32f10x_rcc.o(.data)
    ADCPrescTable                            0x20000024   Data           4  stm32f10x_rcc.o(.data)
    .data                                    0x20000028   Section        1  timer.o(.data)
    Action_Num                               0x20000028   Data           1  timer.o(.data)
    .data                                    0x2000002c   Section       24  fonts.o(.data)
    .data                                    0x20000044   Section       16  bsp_ili9341_lcd.o(.data)
    LCD_Currentfonts                         0x2000004c   Data           4  bsp_ili9341_lcd.o(.data)
    CurrentTextColor                         0x20000050   Data           2  bsp_ili9341_lcd.o(.data)
    CurrentBackColor                         0x20000052   Data           2  bsp_ili9341_lcd.o(.data)
    .data                                    0x20000054   Section        4  bsp_systick.o(.data)
    TimingDelay                              0x20000054   Data           4  bsp_systick.o(.data)
    STACK                                    0x20000058   Section     1024  startup_stm32f10x_hd.o(STACK)

    Global Symbols

    Symbol Name                              Value     Ov Type        Size  Object(Section)

    BuildAttributes$$THM_ISAv4$P$D$K$B$S$PE$A:L22UL41UL21$X:L11$S22US41US21$IEEE1$IW$USESV6$~STKCKD$USESV7$~SHL$OTIME$ROPI$EBA8$MICROLIB$REQ8$PRES8$EABIv2 0x00000000   Number         0  anon$$obj.o ABSOLUTE
    __ARM_use_no_argv                        0x00000000   Number         0  main.o ABSOLUTE
    __cpp_initialize__aeabi_                  - Undefined Weak Reference
    __cxa_finalize                            - Undefined Weak Reference
    __decompress                              - Undefined Weak Reference
    _clock_init                               - Undefined Weak Reference
    _microlib_exit                            - Undefined Weak Reference
    __Vectors_Size                           0x00000130   Number         0  startup_stm32f10x_hd.o ABSOLUTE
    __Vectors                                0x08000000   Data           4  startup_stm32f10x_hd.o(RESET)
    __Vectors_End                            0x08000130   Data           0  startup_stm32f10x_hd.o(RESET)
    __main                                   0x08000131   Thumb Code     0  entry.o(.ARM.Collect$$$$00000000)
    _main_stk                                0x08000131   Thumb Code     0  entry2.o(.ARM.Collect$$$$00000001)
    _main_scatterload                        0x08000135   Thumb Code     0  entry5.o(.ARM.Collect$$$$00000004)
    __main_after_scatterload                 0x08000139   Thumb Code     0  entry5.o(.ARM.Collect$$$$00000004)
    _main_clock                              0x08000139   Thumb Code     0  entry7b.o(.ARM.Collect$$$$00000008)
    _main_cpp_init                           0x08000139   Thumb Code     0  entry8b.o(.ARM.Collect$$$$0000000A)
    _main_init                               0x08000139   Thumb Code     0  entry9a.o(.ARM.Collect$$$$0000000B)
    __rt_final_cpp                           0x08000141   Thumb Code     0  entry10a.o(.ARM.Collect$$$$0000000D)
    __rt_final_exit                          0x08000141   Thumb Code     0  entry11a.o(.ARM.Collect$$$$0000000F)
    Reset_Handler                            0x08000145   Thumb Code     8  startup_stm32f10x_hd.o(.text)
    ADC1_2_IRQHandler                        0x0800015f   Thumb Code     0  startup_stm32f10x_hd.o(.text)
    ADC3_IRQHandler                          0x0800015f   Thumb Code     0  startup_stm32f10x_hd.o(.text)
    CAN1_RX1_IRQHandler                      0x0800015f   Thumb Code     0  startup_stm32f10x_hd.o(.text)
    CAN1_SCE_IRQHandler                      0x0800015f   Thumb Code     0  startup_stm32f10x_hd.o(.text)
    DMA1_Channel1_IRQHandler                 0x0800015f   Thumb Code     0  startup_stm32f10x_hd.o(.text)
    DMA1_Channel2_IRQHandler                 0x0800015f   Thumb Code     0  startup_stm32f10x_hd.o(.text)
    DMA1_Channel3_IRQHandler                 0x0800015f   Thumb Code     0  startup_stm32f10x_hd.o(.text)
    DMA1_Channel4_IRQHandler                 0x0800015f   Thumb Code     0  startup_stm32f10x_hd.o(.text)
    DMA1_Channel5_IRQHandler                 0x0800015f   Thumb Code     0  startup_stm32f10x_hd.o(.text)
    DMA1_Channel6_IRQHandler                 0x0800015f   Thumb Code     0  startup_stm32f10x_hd.o(.text)
    DMA1_Channel7_IRQHandler                 0x0800015f   Thumb Code     0  startup_stm32f10x_hd.o(.text)
    DMA2_Channel1_IRQHandler                 0x0800015f   Thumb Code     0  startup_stm32f10x_hd.o(.text)
    DMA2_Channel2_IRQHandler                 0x0800015f   Thumb Code     0  startup_stm32f10x_hd.o(.text)
    DMA2_Channel3_IRQHandler                 0x0800015f   Thumb Code     0  startup_stm32f10x_hd.o(.text)
    DMA2_Channel4_5_IRQHandler               0x0800015f   Thumb Code     0  startup_stm32f10x_hd.o(.text)
    EXTI1_IRQHandler                         0x0800015f   Thumb Code     0  startup_stm32f10x_hd.o(.text)
    EXTI2_IRQHandler                         0x0800015f   Thumb Code     0  startup_stm32f10x_hd.o(.text)
    EXTI3_IRQHandler                         0x0800015f   Thumb Code     0  startup_stm32f10x_hd.o(.text)
    EXTI4_IRQHandler                         0x0800015f   Thumb Code     0  startup_stm32f10x_hd.o(.text)
    EXTI9_5_IRQHandler                       0x0800015f   Thumb Code     0  startup_stm32f10x_hd.o(.text)
    FLASH_IRQHandler                         0x0800015f   Thumb Code     0  startup_stm32f10x_hd.o(.text)
    FSMC_IRQHandler                          0x0800015f   Thumb Code     0  startup_stm32f10x_hd.o(.text)
    I2C1_ER_IRQHandler                       0x0800015f   Thumb Code     0  startup_stm32f10x_hd.o(.text)
    I2C1_EV_IRQHandler                       0x0800015f   Thumb Code     0  startup_stm32f10x_hd.o(.text)
    I2C2_ER_IRQHandler                       0x0800015f   Thumb Code     0  startup_stm32f10x_hd.o(.text)
    I2C2_EV_IRQHandler                       0x0800015f   Thumb Code     0  startup_stm32f10x_hd.o(.text)
    PVD_IRQHandler                           0x0800015f   Thumb Code     0  startup_stm32f10x_hd.o(.text)
    RCC_IRQHandler                           0x0800015f   Thumb Code     0  startup_stm32f10x_hd.o(.text)
    RTCAlarm_IRQHandler                      0x0800015f   Thumb Code     0  startup_stm32f10x_hd.o(.text)
    RTC_IRQHandler                           0x0800015f   Thumb Code     0  startup_stm32f10x_hd.o(.text)
    SDIO_IRQHandler                          0x0800015f   Thumb Code     0  startup_stm32f10x_hd.o(.text)
    SPI1_IRQHandler                          0x0800015f   Thumb Code     0  startup_stm32f10x_hd.o(.text)
    SPI2_IRQHandler                          0x0800015f   Thumb Code     0  startup_stm32f10x_hd.o(.text)
    SPI3_IRQHandler                          0x0800015f   Thumb Code     0  startup_stm32f10x_hd.o(.text)
    TAMPER_IRQHandler                        0x0800015f   Thumb Code     0  startup_stm32f10x_hd.o(.text)
    TIM1_BRK_IRQHandler                      0x0800015f   Thumb Code     0  startup_stm32f10x_hd.o(.text)
    TIM1_CC_IRQHandler                       0x0800015f   Thumb Code     0  startup_stm32f10x_hd.o(.text)
    TIM1_TRG_COM_IRQHandler                  0x0800015f   Thumb Code     0  startup_stm32f10x_hd.o(.text)
    TIM2_IRQHandler                          0x0800015f   Thumb Code     0  startup_stm32f10x_hd.o(.text)
    TIM3_IRQHandler                          0x0800015f   Thumb Code     0  startup_stm32f10x_hd.o(.text)
    TIM5_IRQHandler                          0x0800015f   Thumb Code     0  startup_stm32f10x_hd.o(.text)
    TIM6_IRQHandler                          0x0800015f   Thumb Code     0  startup_stm32f10x_hd.o(.text)
    TIM7_IRQHandler                          0x0800015f   Thumb Code     0  startup_stm32f10x_hd.o(.text)
    TIM8_BRK_IRQHandler                      0x0800015f   Thumb Code     0  startup_stm32f10x_hd.o(.text)
    TIM8_CC_IRQHandler                       0x0800015f   Thumb Code     0  startup_stm32f10x_hd.o(.text)
    TIM8_TRG_COM_IRQHandler                  0x0800015f   Thumb Code     0  startup_stm32f10x_hd.o(.text)
    TIM8_UP_IRQHandler                       0x0800015f   Thumb Code     0  startup_stm32f10x_hd.o(.text)
    UART4_IRQHandler                         0x0800015f   Thumb Code     0  startup_stm32f10x_hd.o(.text)
    UART5_IRQHandler                         0x0800015f   Thumb Code     0  startup_stm32f10x_hd.o(.text)
    USART1_IRQHandler                        0x0800015f   Thumb Code     0  startup_stm32f10x_hd.o(.text)
    USART2_IRQHandler                        0x0800015f   Thumb Code     0  startup_stm32f10x_hd.o(.text)
    USART3_IRQHandler                        0x0800015f   Thumb Code     0  startup_stm32f10x_hd.o(.text)
    USBWakeUp_IRQHandler                     0x0800015f   Thumb Code     0  startup_stm32f10x_hd.o(.text)
    USB_HP_CAN1_TX_IRQHandler                0x0800015f   Thumb Code     0  startup_stm32f10x_hd.o(.text)
    USB_LP_CAN1_RX0_IRQHandler               0x0800015f   Thumb Code     0  startup_stm32f10x_hd.o(.text)
    WWDG_IRQHandler                          0x0800015f   Thumb Code     0  startup_stm32f10x_hd.o(.text)
    SystemInit                               0x08000247   Thumb Code    78  system_stm32f10x.o(.text)
    SystemCoreClockUpdate                    0x08000295   Thumb Code   142  system_stm32f10x.o(.text)
    GPIO_DeInit                              0x08000349   Thumb Code   172  stm32f10x_gpio.o(.text)
    GPIO_AFIODeInit                          0x080003f5   Thumb Code    20  stm32f10x_gpio.o(.text)
    GPIO_Init                                0x08000409   Thumb Code   278  stm32f10x_gpio.o(.text)
    GPIO_StructInit                          0x0800051f   Thumb Code    16  stm32f10x_gpio.o(.text)
    GPIO_ReadInputDataBit                    0x0800052f   Thumb Code    18  stm32f10x_gpio.o(.text)
    GPIO_ReadInputData                       0x08000541   Thumb Code     8  stm32f10x_gpio.o(.text)
    GPIO_ReadOutputDataBit                   0x08000549   Thumb Code    18  stm32f10x_gpio.o(.text)
    GPIO_ReadOutputData                      0x0800055b   Thumb Code     8  stm32f10x_gpio.o(.text)
    GPIO_SetBits                             0x08000563   Thumb Code     4  stm32f10x_gpio.o(.text)
    GPIO_ResetBits                           0x08000567   Thumb Code     4  stm32f10x_gpio.o(.text)
    GPIO_WriteBit                            0x0800056b   Thumb Code    10  stm32f10x_gpio.o(.text)
    GPIO_Write                               0x08000575   Thumb Code     4  stm32f10x_gpio.o(.text)
    GPIO_PinLockConfig                       0x08000579   Thumb Code    18  stm32f10x_gpio.o(.text)
    GPIO_EventOutputConfig                   0x0800058b   Thumb Code    26  stm32f10x_gpio.o(.text)
    GPIO_EventOutputCmd                      0x080005a5   Thumb Code     6  stm32f10x_gpio.o(.text)
    GPIO_PinRemapConfig                      0x080005ab   Thumb Code   138  stm32f10x_gpio.o(.text)
    GPIO_EXTILineConfig                      0x08000635   Thumb Code    66  stm32f10x_gpio.o(.text)
    GPIO_ETH_MediaInterfaceConfig            0x08000677   Thumb Code     8  stm32f10x_gpio.o(.text)
    RCC_DeInit                               0x080006a5   Thumb Code    64  stm32f10x_rcc.o(.text)
    RCC_HSEConfig                            0x080006e5   Thumb Code    70  stm32f10x_rcc.o(.text)
    RCC_GetFlagStatus                        0x0800072b   Thumb Code    56  stm32f10x_rcc.o(.text)
    RCC_WaitForHSEStartUp                    0x08000763   Thumb Code    56  stm32f10x_rcc.o(.text)
    RCC_AdjustHSICalibrationValue            0x0800079b   Thumb Code    20  stm32f10x_rcc.o(.text)
    RCC_HSICmd                               0x080007af   Thumb Code     6  stm32f10x_rcc.o(.text)
    RCC_PLLConfig                            0x080007b5   Thumb Code    24  stm32f10x_rcc.o(.text)
    RCC_PLLCmd                               0x080007cd   Thumb Code     6  stm32f10x_rcc.o(.text)
    RCC_SYSCLKConfig                         0x080007d3   Thumb Code    18  stm32f10x_rcc.o(.text)
    RCC_GetSYSCLKSource                      0x080007e5   Thumb Code    10  stm32f10x_rcc.o(.text)
    RCC_HCLKConfig                           0x080007ef   Thumb Code    18  stm32f10x_rcc.o(.text)
    RCC_PCLK1Config                          0x08000801   Thumb Code    18  stm32f10x_rcc.o(.text)
    RCC_PCLK2Config                          0x08000813   Thumb Code    20  stm32f10x_rcc.o(.text)
    RCC_ITConfig                             0x08000827   Thumb Code    26  stm32f10x_rcc.o(.text)
    RCC_USBCLKConfig                         0x08000841   Thumb Code     8  stm32f10x_rcc.o(.text)
    RCC_ADCCLKConfig                         0x08000849   Thumb Code    18  stm32f10x_rcc.o(.text)
    RCC_LSEConfig                            0x0800085b   Thumb Code    50  stm32f10x_rcc.o(.text)
    RCC_LSICmd                               0x0800088d   Thumb Code     6  stm32f10x_rcc.o(.text)
    RCC_RTCCLKConfig                         0x08000893   Thumb Code    12  stm32f10x_rcc.o(.text)
    RCC_RTCCLKCmd                            0x0800089f   Thumb Code     8  stm32f10x_rcc.o(.text)
    RCC_GetClocksFreq                        0x080008a7   Thumb Code   192  stm32f10x_rcc.o(.text)
    RCC_AHBPeriphClockCmd                    0x08000967   Thumb Code    26  stm32f10x_rcc.o(.text)
    RCC_APB2PeriphClockCmd                   0x08000981   Thumb Code    26  stm32f10x_rcc.o(.text)
    RCC_APB1PeriphClockCmd                   0x0800099b   Thumb Code    26  stm32f10x_rcc.o(.text)
    RCC_APB2PeriphResetCmd                   0x080009b5   Thumb Code    26  stm32f10x_rcc.o(.text)
    RCC_APB1PeriphResetCmd                   0x080009cf   Thumb Code    26  stm32f10x_rcc.o(.text)
    RCC_BackupResetCmd                       0x080009e9   Thumb Code     8  stm32f10x_rcc.o(.text)
    RCC_ClockSecuritySystemCmd               0x080009f1   Thumb Code     6  stm32f10x_rcc.o(.text)
    RCC_MCOConfig                            0x080009f7   Thumb Code     6  stm32f10x_rcc.o(.text)
    RCC_ClearFlag                            0x080009fd   Thumb Code    14  stm32f10x_rcc.o(.text)
    RCC_GetITStatus                          0x08000a0b   Thumb Code    20  stm32f10x_rcc.o(.text)
    RCC_ClearITPendingBit                    0x08000a1f   Thumb Code     6  stm32f10x_rcc.o(.text)
    EXTI_DeInit                              0x08000a49   Thumb Code    28  stm32f10x_exti.o(.text)
    EXTI_Init                                0x08000a65   Thumb Code   142  stm32f10x_exti.o(.text)
    EXTI_StructInit                          0x08000af3   Thumb Code    16  stm32f10x_exti.o(.text)
    EXTI_GenerateSWInterrupt                 0x08000b03   Thumb Code    16  stm32f10x_exti.o(.text)
    EXTI_GetFlagStatus                       0x08000b13   Thumb Code    22  stm32f10x_exti.o(.text)
    EXTI_ClearFlag                           0x08000b29   Thumb Code     8  stm32f10x_exti.o(.text)
    EXTI_GetITStatus                         0x08000b31   Thumb Code    34  stm32f10x_exti.o(.text)
    EXTI_ClearITPendingBit                   0x08000b53   Thumb Code     8  stm32f10x_exti.o(.text)
    NVIC_PriorityGroupConfig                 0x08000b65   Thumb Code    10  misc.o(.text)
    NVIC_Init                                0x08000b6f   Thumb Code   100  misc.o(.text)
    NVIC_SetVectorTable                      0x08000bd3   Thumb Code    14  misc.o(.text)
    NVIC_SystemLPConfig                      0x08000be1   Thumb Code    34  misc.o(.text)
    SysTick_CLKSourceConfig                  0x08000c03   Thumb Code    40  misc.o(.text)
    FSMC_NORSRAMDeInit                       0x08000c41   Thumb Code    54  stm32f10x_fsmc.o(.text)
    FSMC_NANDDeInit                          0x08000c77   Thumb Code    62  stm32f10x_fsmc.o(.text)
    FSMC_PCCARDDeInit                        0x08000cb5   Thumb Code    36  stm32f10x_fsmc.o(.text)
    FSMC_NORSRAMInit                         0x08000cd9   Thumb Code   230  stm32f10x_fsmc.o(.text)
    FSMC_NANDInit                            0x08000dbf   Thumb Code   132  stm32f10x_fsmc.o(.text)
    FSMC_PCCARDInit                          0x08000e43   Thumb Code   130  stm32f10x_fsmc.o(.text)
    FSMC_NORSRAMStructInit                   0x08000ec5   Thumb Code   114  stm32f10x_fsmc.o(.text)
    FSMC_NANDStructInit                      0x08000f37   Thumb Code    54  stm32f10x_fsmc.o(.text)
    FSMC_PCCARDStructInit                    0x08000f6d   Thumb Code    60  stm32f10x_fsmc.o(.text)
    FSMC_NORSRAMCmd                          0x08000fa9   Thumb Code    46  stm32f10x_fsmc.o(.text)
    FSMC_NANDCmd                             0x08000fd7   Thumb Code    86  stm32f10x_fsmc.o(.text)
    FSMC_PCCARDCmd                           0x0800102d   Thumb Code    44  stm32f10x_fsmc.o(.text)
    FSMC_NANDECCCmd                          0x08001059   Thumb Code    90  stm32f10x_fsmc.o(.text)
    FSMC_GetECC                              0x080010b3   Thumb Code    24  stm32f10x_fsmc.o(.text)
    FSMC_ITConfig                            0x080010cb   Thumb Code   128  stm32f10x_fsmc.o(.text)
    FSMC_GetFlagStatus                       0x0800114b   Thumb Code    54  stm32f10x_fsmc.o(.text)
    FSMC_ClearFlag                           0x08001181   Thumb Code    62  stm32f10x_fsmc.o(.text)
    FSMC_GetITStatus                         0x080011bf   Thumb Code    64  stm32f10x_fsmc.o(.text)
    FSMC_ClearITPendingBit                   0x080011ff   Thumb Code    68  stm32f10x_fsmc.o(.text)
    TIM_DeInit                               0x0800124d   Thumb Code   424  stm32f10x_tim.o(.text)
    TIM_TimeBaseInit                         0x080013f5   Thumb Code   122  stm32f10x_tim.o(.text)
    TIM_OC1Init                              0x0800146f   Thumb Code   132  stm32f10x_tim.o(.text)
    TIM_OC2Init                              0x080014f3   Thumb Code   154  stm32f10x_tim.o(.text)
    TIM_OC3Init                              0x0800158d   Thumb Code   150  stm32f10x_tim.o(.text)
    TIM_OC4Init                              0x08001623   Thumb Code   182  stm32f10x_tim.o(.text)
    TIM_SetIC4Prescaler                      0x080016d9   Thumb Code    26  stm32f10x_tim.o(.text)
    TIM_SetIC3Prescaler                      0x08001775   Thumb Code    18  stm32f10x_tim.o(.text)
    TIM_SetIC2Prescaler                      0x08001801   Thumb Code    26  stm32f10x_tim.o(.text)
    TIM_SetIC1Prescaler                      0x0800189d   Thumb Code    18  stm32f10x_tim.o(.text)
    TIM_ICInit                               0x0800191b   Thumb Code   150  stm32f10x_tim.o(.text)
    TIM_PWMIConfig                           0x080019b1   Thumb Code   124  stm32f10x_tim.o(.text)
    TIM_BDTRConfig                           0x08001a2d   Thumb Code    32  stm32f10x_tim.o(.text)
    TIM_TimeBaseStructInit                   0x08001a4d   Thumb Code    18  stm32f10x_tim.o(.text)
    TIM_OCStructInit                         0x08001a5f   Thumb Code    20  stm32f10x_tim.o(.text)
    TIM_ICStructInit                         0x08001a73   Thumb Code    18  stm32f10x_tim.o(.text)
    TIM_BDTRStructInit                       0x08001a85   Thumb Code    40  stm32f10x_tim.o(.text)
    TIM_Cmd                                  0x08001aad   Thumb Code    24  stm32f10x_tim.o(.text)
    TIM_CtrlPWMOutputs                       0x08001ac5   Thumb Code    30  stm32f10x_tim.o(.text)
    TIM_ITConfig                             0x08001ae3   Thumb Code    18  stm32f10x_tim.o(.text)
    TIM_GenerateEvent                        0x08001af5   Thumb Code     4  stm32f10x_tim.o(.text)
    TIM_DMAConfig                            0x08001af9   Thumb Code    10  stm32f10x_tim.o(.text)
    TIM_DMACmd                               0x08001b03   Thumb Code    18  stm32f10x_tim.o(.text)
    TIM_InternalClockConfig                  0x08001b15   Thumb Code    12  stm32f10x_tim.o(.text)
    TIM_SelectInputTrigger                   0x08001b21   Thumb Code    18  stm32f10x_tim.o(.text)
    TIM_ITRxExternalClockConfig              0x08001b33   Thumb Code    24  stm32f10x_tim.o(.text)
    TIM_TIxExternalClockConfig               0x08001b4b   Thumb Code    62  stm32f10x_tim.o(.text)
    TIM_ETRConfig                            0x08001b89   Thumb Code    28  stm32f10x_tim.o(.text)
    TIM_ETRClockMode1Config                  0x08001ba5   Thumb Code    54  stm32f10x_tim.o(.text)
    TIM_ETRClockMode2Config                  0x08001bdb   Thumb Code    32  stm32f10x_tim.o(.text)
    TIM_PrescalerConfig                      0x08001bfb   Thumb Code     6  stm32f10x_tim.o(.text)
    TIM_CounterModeConfig                    0x08001c01   Thumb Code    18  stm32f10x_tim.o(.text)
    TIM_EncoderInterfaceConfig               0x08001c13   Thumb Code    66  stm32f10x_tim.o(.text)
    TIM_ForcedOC1Config                      0x08001c55   Thumb Code    18  stm32f10x_tim.o(.text)
    TIM_ForcedOC2Config                      0x08001c67   Thumb Code    26  stm32f10x_tim.o(.text)
    TIM_ForcedOC3Config                      0x08001c81   Thumb Code    18  stm32f10x_tim.o(.text)
    TIM_ForcedOC4Config                      0x08001c93   Thumb Code    26  stm32f10x_tim.o(.text)
    TIM_ARRPreloadConfig                     0x08001cad   Thumb Code    24  stm32f10x_tim.o(.text)
    TIM_SelectCOM                            0x08001cc5   Thumb Code    24  stm32f10x_tim.o(.text)
    TIM_SelectCCDMA                          0x08001cdd   Thumb Code    24  stm32f10x_tim.o(.text)
    TIM_CCPreloadControl                     0x08001cf5   Thumb Code    24  stm32f10x_tim.o(.text)
    TIM_OC1PreloadConfig                     0x08001d0d   Thumb Code    18  stm32f10x_tim.o(.text)
    TIM_OC2PreloadConfig                     0x08001d1f   Thumb Code    26  stm32f10x_tim.o(.text)
    TIM_OC3PreloadConfig                     0x08001d39   Thumb Code    18  stm32f10x_tim.o(.text)
    TIM_OC4PreloadConfig                     0x08001d4b   Thumb Code    26  stm32f10x_tim.o(.text)
    TIM_OC1FastConfig                        0x08001d65   Thumb Code    18  stm32f10x_tim.o(.text)
    TIM_OC2FastConfig                        0x08001d77   Thumb Code    26  stm32f10x_tim.o(.text)
    TIM_OC3FastConfig                        0x08001d91   Thumb Code    18  stm32f10x_tim.o(.text)
    TIM_OC4FastConfig                        0x08001da3   Thumb Code    26  stm32f10x_tim.o(.text)
    TIM_ClearOC1Ref                          0x08001dbd   Thumb Code    18  stm32f10x_tim.o(.text)
    TIM_ClearOC2Ref                          0x08001dcf   Thumb Code    24  stm32f10x_tim.o(.text)
    TIM_ClearOC3Ref                          0x08001de7   Thumb Code    18  stm32f10x_tim.o(.text)
    TIM_ClearOC4Ref                          0x08001df9   Thumb Code    24  stm32f10x_tim.o(.text)
    TIM_OC1PolarityConfig                    0x08001e11   Thumb Code    18  stm32f10x_tim.o(.text)
    TIM_OC1NPolarityConfig                   0x08001e23   Thumb Code    18  stm32f10x_tim.o(.text)
    TIM_OC2PolarityConfig                    0x08001e35   Thumb Code    26  stm32f10x_tim.o(.text)
    TIM_OC2NPolarityConfig                   0x08001e4f   Thumb Code    26  stm32f10x_tim.o(.text)
    TIM_OC3PolarityConfig                    0x08001e69   Thumb Code    26  stm32f10x_tim.o(.text)
    TIM_OC3NPolarityConfig                   0x08001e83   Thumb Code    26  stm32f10x_tim.o(.text)
    TIM_OC4PolarityConfig                    0x08001e9d   Thumb Code    26  stm32f10x_tim.o(.text)
    TIM_CCxCmd                               0x08001eb7   Thumb Code    30  stm32f10x_tim.o(.text)
    TIM_CCxNCmd                              0x08001ed5   Thumb Code    30  stm32f10x_tim.o(.text)
    TIM_SelectOCxM                           0x08001ef3   Thumb Code    82  stm32f10x_tim.o(.text)
    TIM_UpdateDisableConfig                  0x08001f45   Thumb Code    24  stm32f10x_tim.o(.text)
    TIM_UpdateRequestConfig                  0x08001f5d   Thumb Code    24  stm32f10x_tim.o(.text)
    TIM_SelectHallSensor                     0x08001f75   Thumb Code    24  stm32f10x_tim.o(.text)
    TIM_SelectOnePulseMode                   0x08001f8d   Thumb Code    18  stm32f10x_tim.o(.text)
    TIM_SelectOutputTrigger                  0x08001f9f   Thumb Code    18  stm32f10x_tim.o(.text)
    TIM_SelectSlaveMode                      0x08001fb1   Thumb Code    18  stm32f10x_tim.o(.text)
    TIM_SelectMasterSlaveMode                0x08001fc3   Thumb Code    18  stm32f10x_tim.o(.text)
    TIM_SetCounter                           0x08001fd5   Thumb Code     4  stm32f10x_tim.o(.text)
    TIM_SetAutoreload                        0x08001fd9   Thumb Code     4  stm32f10x_tim.o(.text)
    TIM_SetCompare1                          0x08001fdd   Thumb Code     4  stm32f10x_tim.o(.text)
    TIM_SetCompare2                          0x08001fe1   Thumb Code     4  stm32f10x_tim.o(.text)
    TIM_SetCompare3                          0x08001fe5   Thumb Code     4  stm32f10x_tim.o(.text)
    TIM_SetCompare4                          0x08001fe9   Thumb Code     6  stm32f10x_tim.o(.text)
    TIM_SetClockDivision                     0x08001fef   Thumb Code    18  stm32f10x_tim.o(.text)
    TIM_GetCapture1                          0x08002001   Thumb Code     6  stm32f10x_tim.o(.text)
    TIM_GetCapture2                          0x08002007   Thumb Code     6  stm32f10x_tim.o(.text)
    TIM_GetCapture3                          0x0800200d   Thumb Code     6  stm32f10x_tim.o(.text)
    TIM_GetCapture4                          0x08002013   Thumb Code     8  stm32f10x_tim.o(.text)
    TIM_GetCounter                           0x0800201b   Thumb Code     6  stm32f10x_tim.o(.text)
    TIM_GetPrescaler                         0x08002021   Thumb Code     6  stm32f10x_tim.o(.text)
    TIM_GetFlagStatus                        0x08002027   Thumb Code    18  stm32f10x_tim.o(.text)
    TIM_ClearFlag                            0x08002039   Thumb Code     6  stm32f10x_tim.o(.text)
    TIM_GetITStatus                          0x0800203f   Thumb Code    34  stm32f10x_tim.o(.text)
    TIM_ClearITPendingBit                    0x08002061   Thumb Code     6  stm32f10x_tim.o(.text)
    USART_DeInit                             0x08002069   Thumb Code   134  stm32f10x_usart.o(.text)
    USART_Init                               0x080020ef   Thumb Code   210  stm32f10x_usart.o(.text)
    USART_StructInit                         0x080021c1   Thumb Code    24  stm32f10x_usart.o(.text)
    USART_ClockInit                          0x080021d9   Thumb Code    34  stm32f10x_usart.o(.text)
    USART_ClockStructInit                    0x080021fb   Thumb Code    12  stm32f10x_usart.o(.text)
    USART_Cmd                                0x08002207   Thumb Code    24  stm32f10x_usart.o(.text)
    USART_ITConfig                           0x0800221f   Thumb Code    74  stm32f10x_usart.o(.text)
    USART_DMACmd                             0x08002269   Thumb Code    18  stm32f10x_usart.o(.text)
    USART_SetAddress                         0x0800227b   Thumb Code    18  stm32f10x_usart.o(.text)
    USART_WakeUpConfig                       0x0800228d   Thumb Code    18  stm32f10x_usart.o(.text)
    USART_ReceiverWakeUpCmd                  0x0800229f   Thumb Code    24  stm32f10x_usart.o(.text)
    USART_LINBreakDetectLengthConfig         0x080022b7   Thumb Code    18  stm32f10x_usart.o(.text)
    USART_LINCmd                             0x080022c9   Thumb Code    24  stm32f10x_usart.o(.text)
    USART_SendData                           0x080022e1   Thumb Code     8  stm32f10x_usart.o(.text)
    USART_ReceiveData                        0x080022e9   Thumb Code    10  stm32f10x_usart.o(.text)
    USART_SendBreak                          0x080022f3   Thumb Code    10  stm32f10x_usart.o(.text)
    USART_SetGuardTime                       0x080022fd   Thumb Code    16  stm32f10x_usart.o(.text)
    USART_SetPrescaler                       0x0800230d   Thumb Code    16  stm32f10x_usart.o(.text)
    USART_SmartCardCmd                       0x0800231d   Thumb Code    24  stm32f10x_usart.o(.text)
    USART_SmartCardNACKCmd                   0x08002335   Thumb Code    24  stm32f10x_usart.o(.text)
    USART_HalfDuplexCmd                      0x0800234d   Thumb Code    24  stm32f10x_usart.o(.text)
    USART_OverSampling8Cmd                   0x08002365   Thumb Code    22  stm32f10x_usart.o(.text)
    USART_OneBitMethodCmd                    0x0800237b   Thumb Code    24  stm32f10x_usart.o(.text)
    USART_IrDAConfig                         0x08002393   Thumb Code    18  stm32f10x_usart.o(.text)
    USART_IrDACmd                            0x080023a5   Thumb Code    24  stm32f10x_usart.o(.text)
    USART_GetFlagStatus                      0x080023bd   Thumb Code    26  stm32f10x_usart.o(.text)
    USART_ClearFlag                          0x080023d7   Thumb Code    18  stm32f10x_usart.o(.text)
    USART_GetITStatus                        0x080023e9   Thumb Code    84  stm32f10x_usart.o(.text)
    USART_ClearITPendingBit                  0x0800243d   Thumb Code    52  stm32f10x_usart.o(.text)
    HardWare_Iint                            0x08002471   Thumb Code    36  main.o(.text)
    main                                     0x08002495   Thumb Code     8  main.o(.text)
    NMI_Handler                              0x0800249d   Thumb Code     2  stm32f10x_it.o(.text)
    HardFault_Handler                        0x0800249f   Thumb Code     4  stm32f10x_it.o(.text)
    MemManage_Handler                        0x080024a3   Thumb Code     4  stm32f10x_it.o(.text)
    BusFault_Handler                         0x080024a7   Thumb Code     4  stm32f10x_it.o(.text)
    UsageFault_Handler                       0x080024ab   Thumb Code     4  stm32f10x_it.o(.text)
    SVC_Handler                              0x080024af   Thumb Code     2  stm32f10x_it.o(.text)
    DebugMon_Handler                         0x080024b1   Thumb Code     2  stm32f10x_it.o(.text)
    PendSV_Handler                           0x080024b3   Thumb Code     2  stm32f10x_it.o(.text)
    SysTick_Handler                          0x080024b5   Thumb Code     2  stm32f10x_it.o(.text)
    EXTI0_IRQHandler                         0x080024b7   Thumb Code    48  stm32f10x_it.o(.text)
    EXTI15_10_IRQHandler                     0x080024e7   Thumb Code    52  stm32f10x_it.o(.text)
    LED_Iint                                 0x0800255d   Thumb Code    90  bsp_led.o(.text)
    assert_failed                            0x080025b7   Thumb Code    10  bsp_led.o(.text)
    Key_Iint                                 0x080025c5   Thumb Code    54  bsp_key.o(.text)
    Key_Scan                                 0x080025fb   Thumb Code    40  bsp_key.o(.text)
    Beep_Init                                0x0800262d   Thumb Code    46  bsp_beep.o(.text)
    EXTI_Key_Config                          0x08002693   Thumb Code   132  bsp_exit.o(.text)
    TIM1_Int_Init                            0x08002721   Thumb Code    94  timer.o(.text)
    TIM3_Int_Init                            0x0800277f   Thumb Code    96  timer.o(.text)
    TIM4_Int_Init                            0x080027df   Thumb Code    90  timer.o(.text)
    TIM1_UP_IRQHandler                       0x08002839   Thumb Code    20  timer.o(.text)
    TIM4_IRQHandler                          0x0800284d   Thumb Code   146  timer.o(.text)
    Timer4_Action                            0x080028df   Thumb Code     2  timer.o(.text)
    ILI9341_GramScan                         0x08002d39   Thumb Code   172  bsp_ili9341_lcd.o(.text)
    ILI9341_Rst                              0x08002de5   Thumb Code    40  bsp_ili9341_lcd.o(.text)
    ILI9341_BackLed_Control                  0x08002e0d   Thumb Code    26  bsp_ili9341_lcd.o(.text)
    ILI9341_Init                             0x08002e27   Thumb Code    34  bsp_ili9341_lcd.o(.text)
    ILI9341_OpenWindow                       0x08002e49   Thumb Code    96  bsp_ili9341_lcd.o(.text)
    ILI9341_Clear                            0x08002edd   Thumb Code    40  bsp_ili9341_lcd.o(.text)
    ILI9341_SetPointPixel                    0x08002f05   Thumb Code    42  bsp_ili9341_lcd.o(.text)
    ILI9341_GetPointPixel                    0x08002f65   Thumb Code    24  bsp_ili9341_lcd.o(.text)
    ILI9341_DrawLine                         0x08002f7d   Thumb Code   160  bsp_ili9341_lcd.o(.text)
    ILI9341_DrawRectangle                    0x0800301d   Thumb Code   132  bsp_ili9341_lcd.o(.text)
    ILI9341_DrawCircle                       0x080030a1   Thumb Code   340  bsp_ili9341_lcd.o(.text)
    ILI9341_DispChar_EN                      0x080031f5   Thumb Code   138  bsp_ili9341_lcd.o(.text)
    ILI9341_DispStringLine_EN                0x0800327f   Thumb Code    92  bsp_ili9341_lcd.o(.text)
    ILI9341_DispString_EN                    0x080032db   Thumb Code    92  bsp_ili9341_lcd.o(.text)
    ILI9341_DispString_EN_YDir               0x08003337   Thumb Code    92  bsp_ili9341_lcd.o(.text)
    LCD_SetFont                              0x08003393   Thumb Code     6  bsp_ili9341_lcd.o(.text)
    LCD_GetFont                              0x08003399   Thumb Code     6  bsp_ili9341_lcd.o(.text)
    LCD_SetColors                            0x0800339f   Thumb Code    10  bsp_ili9341_lcd.o(.text)
    LCD_GetColors                            0x080033a9   Thumb Code    14  bsp_ili9341_lcd.o(.text)
    LCD_SetTextColor                         0x080033b7   Thumb Code     6  bsp_ili9341_lcd.o(.text)
    LCD_SetBackColor                         0x080033bd   Thumb Code     6  bsp_ili9341_lcd.o(.text)
    LCD_ClearLine                            0x080033c3   Thumb Code    26  bsp_ili9341_lcd.o(.text)
    SysTick_Init                             0x080033f1   Thumb Code   106  bsp_systick.o(.text)
    Delay_us                                 0x0800345b   Thumb Code    36  bsp_systick.o(.text)
    TimingDelay_Decrement                    0x0800347f   Thumb Code    18  bsp_systick.o(.text)
    LED_TEST                                 0x080034a5   Thumb Code    30  bsp_test.o(.text)
    Beep_Test                                0x080034c3   Thumb Code    32  bsp_test.o(.text)
    BSP_KEY1_EXIT_LCDTEST                    0x080034e3   Thumb Code    86  bsp_test.o(.text)
    BSP_KEY2_EXIT_LCDTEST                    0x08003539   Thumb Code    96  bsp_test.o(.text)
    TFT_LCD_TEST                             0x080035ab   Thumb Code   260  bsp_test.o(.text)
    Usart_test                               0x080036af   Thumb Code    86  bsp_test.o(.text)
    USART_SendChar                           0x08003875   Thumb Code    16  stm32f103xxxx_usart_1.o(.text)
    USART_ReceiveChar                        0x08003885   Thumb Code     8  stm32f103xxxx_usart_1.o(.text)
    USART_SendString                         0x0800388d   Thumb Code    26  stm32f103xxxx_usart_1.o(.text)
    USART_SendArray                          0x080038a7   Thumb Code    32  stm32f103xxxx_usart_1.o(.text)
    USART_SendLine                           0x080038c7   Thumb Code    22  stm32f103xxxx_usart_1.o(.text)
    USART_SendNumber_SignedInteger           0x080038dd   Thumb Code   196  stm32f103xxxx_usart_1.o(.text)
    USART_SendNumber_UnsignedInteger         0x080039a1   Thumb Code   170  stm32f103xxxx_usart_1.o(.text)
    USART_SendNumber_Float                   0x08003a4b   Thumb Code   434  stm32f103xxxx_usart_1.o(.text)
    USART_SendNumber_Binary                  0x08003bfd   Thumb Code    56  stm32f103xxxx_usart_1.o(.text)
    USART_Configure                          0x08003c35   Thumb Code   140  stm32f103xxxx_usart_1.o(.text)
    __aeabi_fadd                             0x08003cd5   Thumb Code   164  fadd.o(.text)
    __aeabi_fsub                             0x08003d79   Thumb Code     6  fadd.o(.text)
    __aeabi_frsub                            0x08003d7f   Thumb Code     6  fadd.o(.text)
    __aeabi_dadd                             0x08003d85   Thumb Code   322  dadd.o(.text)
    __aeabi_dsub                             0x08003ec7   Thumb Code     6  dadd.o(.text)
    __aeabi_drsub                            0x08003ecd   Thumb Code     6  dadd.o(.text)
    __aeabi_dmul                             0x08003ed3   Thumb Code   228  dmul.o(.text)
    __aeabi_ui2f                             0x08003fb7   Thumb Code    10  ffltui.o(.text)
    __aeabi_f2uiz                            0x08003fc1   Thumb Code    40  ffixui.o(.text)
    __aeabi_d2uiz                            0x08003fe9   Thumb Code    50  dfixui.o(.text)
    __aeabi_f2d                              0x0800401b   Thumb Code    38  f2d.o(.text)
    __aeabi_cfcmpeq                          0x08004041   Thumb Code     0  cfcmple.o(.text)
    __aeabi_cfcmple                          0x08004041   Thumb Code    20  cfcmple.o(.text)
    __aeabi_llsl                             0x08004055   Thumb Code    30  llshl.o(.text)
    _ll_shift_l                              0x08004055   Thumb Code     0  llshl.o(.text)
    __aeabi_llsr                             0x08004073   Thumb Code    32  llushr.o(.text)
    _ll_ushift_r                             0x08004073   Thumb Code     0  llushr.o(.text)
    __aeabi_lasr                             0x08004093   Thumb Code    36  llsshr.o(.text)
    _ll_sshift_r                             0x08004093   Thumb Code     0  llsshr.o(.text)
    __I$use$fp                               0x080040b7   Thumb Code     0  iusefp.o(.text)
    _float_round                             0x080040b7   Thumb Code    18  fepilogue.o(.text)
    _float_epilogue                          0x080040c9   Thumb Code    92  fepilogue.o(.text)
    _double_round                            0x08004125   Thumb Code    30  depilogue.o(.text)
    _double_epilogue                         0x08004143   Thumb Code   156  depilogue.o(.text)
    __scatterload                            0x080041e1   Thumb Code    28  init.o(.text)
    __scatterload_rt2                        0x080041e1   Thumb Code     0  init.o(.text)
    ILI9341_Read_Data                        0x08004205   Thumb Code     8  bsp_ili9341_lcd.o(i.ILI9341_Read_Data)
    ILI9341_Write_Cmd                        0x0800420d   Thumb Code     8  bsp_ili9341_lcd.o(i.ILI9341_Write_Cmd)
    ILI9341_Write_Data                       0x08004215   Thumb Code     8  bsp_ili9341_lcd.o(i.ILI9341_Write_Data)
    __scatterload_copy                       0x0800421d   Thumb Code    14  handlers.o(i.__scatterload_copy)
    __scatterload_null                       0x0800422b   Thumb Code     2  handlers.o(i.__scatterload_null)
    __scatterload_zeroinit                   0x0800422d   Thumb Code    14  handlers.o(i.__scatterload_zeroinit)
    ASCII8x16_Table                          0x0800423a   Data        1520  fonts.o(.constdata)
    ASCII16x24_Table                         0x0800482a   Data        4560  fonts.o(.constdata)
    ASCII24x32_Table                         0x080059fa   Data        9120  fonts.o(.constdata)
    Region$$Table$$Base                      0x08007d9c   Number         0  anon$$obj.o(Region$$Table)
    Region$$Table$$Limit                     0x08007dbc   Number         0  anon$$obj.o(Region$$Table)
    SystemCoreClock                          0x20000000   Data           4  system_stm32f10x.o(.data)
    AHBPrescTable                            0x20000004   Data          16  system_stm32f10x.o(.data)
    Font8x16                                 0x2000002c   Data           8  fonts.o(.data)
    Font16x24                                0x20000034   Data           8  fonts.o(.data)
    Font24x32                                0x2000003c   Data           8  fonts.o(.data)
    LCD_X_LENGTH                             0x20000044   Data           2  bsp_ili9341_lcd.o(.data)
    LCD_Y_LENGTH                             0x20000046   Data           2  bsp_ili9341_lcd.o(.data)
    LCD_SCAN_MODE                            0x20000048   Data           1  bsp_ili9341_lcd.o(.data)
    __initial_sp                             0x20000458   Data           0  startup_stm32f10x_hd.o(STACK)



==============================================================================

Memory Map of the image

  Image Entry point : 0x08000131

  Load Region LR_IROM1 (Base: 0x08000000, Size: 0x00007e14, Max: 0x00080000, ABSOLUTE)

    Execution Region ER_IROM1 (Exec base: 0x08000000, Load base: 0x08000000, Size: 0x00007dbc, Max: 0x00080000, ABSOLUTE)

    Exec Addr    Load Addr    Size         Type   Attr      Idx    E Section Name        Object

    0x08000000   0x08000000   0x00000130   Data   RO            3    RESET               startup_stm32f10x_hd.o
    0x08000130   0x08000130   0x00000000   Code   RO          663  * .ARM.Collect$$$$00000000  mc_w.l(entry.o)
    0x08000130   0x08000130   0x00000004   Code   RO          682    .ARM.Collect$$$$00000001  mc_w.l(entry2.o)
    0x08000134   0x08000134   0x00000004   Code   RO          685    .ARM.Collect$$$$00000004  mc_w.l(entry5.o)
    0x08000138   0x08000138   0x00000000   Code   RO          687    .ARM.Collect$$$$00000008  mc_w.l(entry7b.o)
    0x08000138   0x08000138   0x00000000   Code   RO          689    .ARM.Collect$$$$0000000A  mc_w.l(entry8b.o)
    0x08000138   0x08000138   0x00000008   Code   RO          690    .ARM.Collect$$$$0000000B  mc_w.l(entry9a.o)
    0x08000140   0x08000140   0x00000000   Code   RO          692    .ARM.Collect$$$$0000000D  mc_w.l(entry10a.o)
    0x08000140   0x08000140   0x00000000   Code   RO          694    .ARM.Collect$$$$0000000F  mc_w.l(entry11a.o)
    0x08000140   0x08000140   0x00000004   Code   RO          683    .ARM.Collect$$$$00002712  mc_w.l(entry2.o)
    0x08000144   0x08000144   0x00000024   Code   RO            4    .text               startup_stm32f10x_hd.o
    0x08000168   0x08000168   0x000001e0   Code   RO           24    .text               system_stm32f10x.o
    0x08000348   0x08000348   0x0000035c   Code   RO          121    .text               stm32f10x_gpio.o
    0x080006a4   0x080006a4   0x000003a4   Code   RO          137    .text               stm32f10x_rcc.o
    0x08000a48   0x08000a48   0x0000011c   Code   RO          151    .text               stm32f10x_exti.o
    0x08000b64   0x08000b64   0x000000dc   Code   RO          163    .text               misc.o
    0x08000c40   0x08000c40   0x0000060c   Code   RO          283    .text               stm32f10x_fsmc.o
    0x0800124c   0x0800124c   0x00000e1a   Code   RO          367    .text               stm32f10x_tim.o
    0x08002066   0x08002066   0x00000002   PAD
    0x08002068   0x08002068   0x00000408   Code   RO          379    .text               stm32f10x_usart.o
    0x08002470   0x08002470   0x0000002c   Code   RO          403    .text               main.o
    0x0800249c   0x0800249c   0x000000c0   Code   RO          457    .text               stm32f10x_it.o
    0x0800255c   0x0800255c   0x00000068   Code   RO          472    .text               bsp_led.o
    0x080025c4   0x080025c4   0x00000068   Code   RO          487    .text               bsp_key.o
    0x0800262c   0x0800262c   0x00000034   Code   RO          502    .text               bsp_beep.o
    0x08002660   0x08002660   0x000000c0   Code   RO          514    .text               bsp_exit.o
    0x08002720   0x08002720   0x000001d8   Code   RO          526    .text               timer.o
    0x080028f8   0x080028f8   0x00000af8   Code   RO          552    .text               bsp_ili9341_lcd.o
    0x080033f0   0x080033f0   0x000000b4   Code   RO          594    .text               bsp_systick.o
    0x080034a4   0x080034a4   0x000003d0   Code   RO          627    .text               bsp_test.o
    0x08003874   0x08003874   0x00000460   Code   RO          651    .text               stm32f103xxxx_usart_1.o
    0x08003cd4   0x08003cd4   0x000000b0   Code   RO          666    .text               mf_w.l(fadd.o)
    0x08003d84   0x08003d84   0x0000014e   Code   RO          668    .text               mf_w.l(dadd.o)
    0x08003ed2   0x08003ed2   0x000000e4   Code   RO          670    .text               mf_w.l(dmul.o)
    0x08003fb6   0x08003fb6   0x0000000a   Code   RO          672    .text               mf_w.l(ffltui.o)
    0x08003fc0   0x08003fc0   0x00000028   Code   RO          674    .text               mf_w.l(ffixui.o)
    0x08003fe8   0x08003fe8   0x00000032   Code   RO          676    .text               mf_w.l(dfixui.o)
    0x0800401a   0x0800401a   0x00000026   Code   RO          678    .text               mf_w.l(f2d.o)
    0x08004040   0x08004040   0x00000014   Code   RO          680    .text               mf_w.l(cfcmple.o)
    0x08004054   0x08004054   0x0000001e   Code   RO          696    .text               mc_w.l(llshl.o)
    0x08004072   0x08004072   0x00000020   Code   RO          698    .text               mc_w.l(llushr.o)
    0x08004092   0x08004092   0x00000024   Code   RO          700    .text               mc_w.l(llsshr.o)
    0x080040b6   0x080040b6   0x00000000   Code   RO          702    .text               mc_w.l(iusefp.o)
    0x080040b6   0x080040b6   0x0000006e   Code   RO          703    .text               mf_w.l(fepilogue.o)
    0x08004124   0x08004124   0x000000ba   Code   RO          705    .text               mf_w.l(depilogue.o)
    0x080041de   0x080041de   0x00000002   PAD
    0x080041e0   0x080041e0   0x00000024   Code   RO          707    .text               mc_w.l(init.o)
    0x08004204   0x08004204   0x00000008   Code   RO          574    i.ILI9341_Read_Data  bsp_ili9341_lcd.o
    0x0800420c   0x0800420c   0x00000008   Code   RO          564    i.ILI9341_Write_Cmd  bsp_ili9341_lcd.o
    0x08004214   0x08004214   0x00000008   Code   RO          569    i.ILI9341_Write_Data  bsp_ili9341_lcd.o
    0x0800421c   0x0800421c   0x0000000e   Code   RO          711    i.__scatterload_copy  mc_w.l(handlers.o)
    0x0800422a   0x0800422a   0x00000002   Code   RO          712    i.__scatterload_null  mc_w.l(handlers.o)
    0x0800422c   0x0800422c   0x0000000e   Code   RO          713    i.__scatterload_zeroinit  mc_w.l(handlers.o)
    0x0800423a   0x0800423a   0x00003b60   Data   RO          539    .constdata          fonts.o
    0x08007d9a   0x08007d9a   0x00000002   PAD
    0x08007d9c   0x08007d9c   0x00000020   Data   RO          709    Region$$Table       anon$$obj.o


    Execution Region RW_IRAM1 (Exec base: 0x20000000, Load base: 0x08007dbc, Size: 0x00000458, Max: 0x00010000, ABSOLUTE)

    Exec Addr    Load Addr    Size         Type   Attr      Idx    E Section Name        Object

    0x20000000   0x08007dbc   0x00000014   Data   RW           25    .data               system_stm32f10x.o
    0x20000014   0x08007dd0   0x00000014   Data   RW          138    .data               stm32f10x_rcc.o
    0x20000028   0x08007de4   0x00000001   Data   RW          527    .data               timer.o
    0x20000029   0x08007de5   0x00000003   PAD
    0x2000002c   0x08007de8   0x00000018   Data   RW          540    .data               fonts.o
    0x20000044   0x08007e00   0x00000010   Data   RW          553    .data               bsp_ili9341_lcd.o
    0x20000054   0x08007e10   0x00000004   Data   RW          595    .data               bsp_systick.o
    0x20000058        -       0x00000400   Zero   RW            1    STACK               startup_stm32f10x_hd.o


==============================================================================

Image component sizes


      Code (inc. data)   RO Data    RW Data    ZI Data      Debug   Object Name

        52          6          0          0          0        468   bsp_beep.o
       192         10          0          0          0        730   bsp_exit.o
      2832         62          0         16          0      11389   bsp_ili9341_lcd.o
       104         10          0          0          0       1004   bsp_key.o
       104          4          0          0          0        917   bsp_led.o
       180         20          0          4          0      16577   bsp_systick.o
       976        368          0          0          0       1629   bsp_test.o
         0          0          0          0          0       4508   core_cm3.o
         0          0      15200         24          0       1217   fonts.o
        44          0          0          0          0       1148   main.o
       220         22          0          0          0       1757   misc.o
        36          8        304          0       1024        836   startup_stm32f10x_hd.o
      1120         20          0          0          0       4154   stm32f103xxxx_usart_1.o
       284         10          0          0          0       2215   stm32f10x_exti.o
      1548         18          0          0          0       5335   stm32f10x_fsmc.o
       860         38          0          0          0       5689   stm32f10x_gpio.o
       192         66          0          0          0       1548   stm32f10x_it.o
       932         36          0         20          0       8844   stm32f10x_rcc.o
      3610         88          0          0          0      22800   stm32f10x_tim.o
      1032         22          0          0          0       8416   stm32f10x_usart.o
       480         38          0         20          0     260103   system_stm32f10x.o
       472         24          0          1          0       1825   timer.o

    ----------------------------------------------------------------------
     15272        870      15538         88       1024     363109   Object Totals
         0          0         32          0          0          0   (incl. Generated)
         2          0          2          3          0          0   (incl. Padding)

    ----------------------------------------------------------------------

      Code (inc. data)   RO Data    RW Data    ZI Data      Debug   Library Member Name

         0          0          0          0          0          0   entry.o
         0          0          0          0          0          0   entry10a.o
         0          0          0          0          0          0   entry11a.o
         8          4          0          0          0          0   entry2.o
         4          0          0          0          0          0   entry5.o
         0          0          0          0          0          0   entry7b.o
         0          0          0          0          0          0   entry8b.o
         8          4          0          0          0          0   entry9a.o
        30          0          0          0          0          0   handlers.o
        36          8          0          0          0         68   init.o
         0          0          0          0          0          0   iusefp.o
        30          0          0          0          0         68   llshl.o
        36          0          0          0          0         68   llsshr.o
        32          0          0          0          0         68   llushr.o
        20          0          0          0          0         68   cfcmple.o
       334          0          0          0          0        148   dadd.o
       186          0          0          0          0        176   depilogue.o
        50          0          0          0          0         76   dfixui.o
       228          0          0          0          0         96   dmul.o
        38          0          0          0          0         68   f2d.o
       176          0          0          0          0        140   fadd.o
       110          0          0          0          0        168   fepilogue.o
        40          0          0          0          0         68   ffixui.o
        10          0          0          0          0         68   ffltui.o

    ----------------------------------------------------------------------
      1378         16          0          0          0       1348   Library Totals
         2          0          0          0          0          0   (incl. Padding)

    ----------------------------------------------------------------------

      Code (inc. data)   RO Data    RW Data    ZI Data      Debug   Library Name

       184         16          0          0          0        272   mc_w.l
      1192          0          0          0          0       1076   mf_w.l

    ----------------------------------------------------------------------
      1378         16          0          0          0       1348   Library Totals

    ----------------------------------------------------------------------

==============================================================================


      Code (inc. data)   RO Data    RW Data    ZI Data      Debug   

     16650        886      15538         88       1024     361957   Grand Totals
     16650        886      15538         88       1024     361957   ELF Image Totals
     16650        886      15538         88          0          0   ROM Totals

==============================================================================

    Total RO  Size (Code + RO Data)                32188 (  31.43kB)
    Total RW  Size (RW Data + ZI Data)              1112 (   1.09kB)
    Total ROM Size (Code + RO Data + RW Data)      32276 (  31.52kB)

==============================================================================

